[2026-05-26T18:08:20.392Z] [API] Server running on port 3000
[2026-05-26T18:09:50.058Z] [API] Server running on port 3000
[2026-05-26T18:09:50.812Z] [90m────────────────────────────────────────────────────────[0m
[2026-05-26T18:09:50.812Z] [1m[32mSupportBot[0m
[2026-05-26T18:09:50.813Z] [90mEmerald Services[0m
[2026-05-26T18:09:50.813Z] [90m────────────────────────────────────────────────────────[0m
[2026-05-26T18:09:50.814Z] 
[32mSystem[0m
[2026-05-26T18:09:50.814Z] [90m------[0m
[2026-05-26T18:09:50.815Z] [90mBot Name      [0m SupportBo
[2026-05-26T18:09:50.815Z] [90mVersion       [0m v26.3.0
[2026-05-26T18:09:50.815Z] [90mNode.js       [0m v24.14.1
[2026-05-26T18:09:50.816Z] [90mDiscord.js    [0m v14.26.4
[2026-05-26T18:09:50.816Z] [90mLogged in as  [0m BLITZ#7183
[2026-05-26T18:09:50.817Z] [90mGuilds        [0m 1
[2026-05-26T18:09:50.817Z] 
[32mLinks[0m
[2026-05-26T18:09:50.818Z] [90m-----[0m
[2026-05-26T18:09:50.818Z] [90mDocs          [0m https://emerald-services.gitbook.io/
[2026-05-26T18:09:50.819Z] [90mDiscord       [0m https://dsc.gg/emerald-dev
[2026-05-26T18:09:50.819Z] [90mInvite        [0m https://discord.com/api/oauth2/authorize?client_id=1289713673123922032&permissions=8&scope=bot%20applications.commands
[2026-05-26T18:09:50.820Z] 
[2026-05-26T18:09:50.820Z] [Dashboard] Discord bot is ready — full stats and guild tools are available
[2026-05-26T18:09:50.822Z] 
[32mConfig Check[0m
[2026-05-26T18:09:50.822Z] [90m------------[0m
[2026-05-26T18:09:50.824Z]  [32m✓[0m All configurations validated successfully
[2026-05-26T18:09:50.825Z] 
[2026-05-26T18:09:51.093Z] 
[32m✓[0m [37mSlash Commands Registered[0m [90mfor Char's Test Server[0m
[2026-05-26T18:18:05.034Z] [API] Server running on port 3000
[2026-05-26T18:18:05.886Z] [90m────────────────────────────────────────────────────────[0m
[2026-05-26T18:18:05.886Z] [1m[32mSupportBot[0m
[2026-05-26T18:18:05.887Z] [90mEmerald Services[0m
[2026-05-26T18:18:05.887Z] [90m────────────────────────────────────────────────────────[0m
[2026-05-26T18:18:05.887Z] 
[32mSystem[0m
[2026-05-26T18:18:05.888Z] [90m------[0m
[2026-05-26T18:18:05.888Z] [90mBot Name      [0m SupportBo
[2026-05-26T18:18:05.889Z] [90mVersion       [0m v26.3.0
[2026-05-26T18:18:05.889Z] [90mNode.js       [0m v24.14.1
[2026-05-26T18:18:05.889Z] [90mDiscord.js    [0m v14.26.4
[2026-05-26T18:18:05.890Z] [90mLogged in as  [0m BLITZ#7183
[2026-05-26T18:18:05.890Z] [90mGuilds        [0m 1
[2026-05-26T18:18:05.891Z] 
[32mLinks[0m
[2026-05-26T18:18:05.892Z] [90m-----[0m
[2026-05-26T18:18:05.893Z] [90mDocs          [0m https://emerald-services.gitbook.io/
[2026-05-26T18:18:05.894Z] [90mDiscord       [0m https://dsc.gg/emerald-dev
[2026-05-26T18:18:05.895Z] [90mInvite        [0m https://discord.com/api/oauth2/authorize?client_id=1289713673123922032&permissions=8&scope=bot%20applications.commands
[2026-05-26T18:18:05.901Z] 
[2026-05-26T18:18:05.903Z] [Dashboard] Discord bot is ready — full stats and guild tools are available
[2026-05-26T18:18:05.907Z] 
[32mConfig Check[0m
[2026-05-26T18:18:05.908Z] [90m------------[0m
[2026-05-26T18:18:05.910Z]  [32m✓[0m All configurations validated successfully
[2026-05-26T18:18:05.911Z] 
[2026-05-26T18:18:06.116Z] 
[32m✓[0m [37mSlash Commands Registered[0m [90mfor Char's Test Server[0m
[2026-05-26T18:24:36.850Z] [API] Server running on port 3000
[2026-05-26T18:24:37.648Z] [90m────────────────────────────────────────────────────────[0m
[2026-05-26T18:24:37.648Z] [1m[32mSupportBot[0m
[2026-05-26T18:24:37.649Z] [90mEmerald Services[0m
[2026-05-26T18:24:37.649Z] [90m────────────────────────────────────────────────────────[0m
[2026-05-26T18:24:37.649Z] 
[32mSystem[0m
[2026-05-26T18:24:37.650Z] [90m------[0m
[2026-05-26T18:24:37.650Z] [90mBot Name      [0m SupportBo
[2026-05-26T18:24:37.650Z] [90mVersion       [0m v26.3.0
[2026-05-26T18:24:37.651Z] [90mNode.js       [0m v24.14.1
[2026-05-26T18:24:37.651Z] [90mDiscord.js    [0m v14.26.4
[2026-05-26T18:24:37.652Z] [90mLogged in as  [0m BLITZ#7183
[2026-05-26T18:24:37.652Z] [90mGuilds        [0m 1
[2026-05-26T18:24:37.653Z] 
[32mLinks[0m
[2026-05-26T18:24:37.653Z] [90m-----[0m
[2026-05-26T18:24:37.654Z] [90mDocs          [0m https://emerald-services.gitbook.io/
[2026-05-26T18:24:37.654Z] [90mDiscord       [0m https://dsc.gg/emerald-dev
[2026-05-26T18:24:37.656Z] [90mInvite        [0m https://discord.com/api/oauth2/authorize?client_id=1289713673123922032&permissions=8&scope=bot%20applications.commands
[2026-05-26T18:24:37.659Z] 
[2026-05-26T18:24:37.659Z] [Dashboard] Discord bot is ready — full stats and guild tools are available
[2026-05-26T18:24:37.661Z] 
[32mConfig Check[0m
[2026-05-26T18:24:37.662Z] [90m------------[0m
[2026-05-26T18:24:37.664Z]  [32m✓[0m All configurations validated successfully
[2026-05-26T18:24:37.664Z] 
[2026-05-26T18:24:37.857Z] 
[32m✓[0m [37mSlash Commands Registered[0m [90mfor Char's Test Server[0m
[2026-05-26T18:27:00.991Z] [API] Server running on port 3000
[2026-05-26T18:27:01.875Z] [90m────────────────────────────────────────────────────────[0m
[2026-05-26T18:27:01.876Z] [1m[32mSupportBot[0m
[2026-05-26T18:27:01.876Z] [90mEmerald Services[0m
[2026-05-26T18:27:01.877Z] [90m────────────────────────────────────────────────────────[0m
[2026-05-26T18:27:01.877Z] 
[32mSystem[0m
[2026-05-26T18:27:01.878Z] [90m------[0m
[2026-05-26T18:27:01.878Z] [90mBot Name      [0m SupportBo
[2026-05-26T18:27:01.879Z] [90mVersion       [0m v26.3.0
[2026-05-26T18:27:01.879Z] [90mNode.js       [0m v24.14.1
[2026-05-26T18:27:01.879Z] [90mDiscord.js    [0m v14.26.4
[2026-05-26T18:27:01.880Z] [90mLogged in as  [0m BLITZ#7183
[2026-05-26T18:27:01.880Z] [90mGuilds        [0m 1
[2026-05-26T18:27:01.881Z] 
[32mLinks[0m
[2026-05-26T18:27:01.881Z] [90m-----[0m
[2026-05-26T18:27:01.882Z] [90mDocs          [0m https://emerald-services.gitbook.io/
[2026-05-26T18:27:01.883Z] [90mDiscord       [0m https://dsc.gg/emerald-dev
[2026-05-26T18:27:01.883Z] [90mInvite        [0m https://discord.com/api/oauth2/authorize?client_id=1289713673123922032&permissions=8&scope=bot%20applications.commands
[2026-05-26T18:27:01.884Z] 
[2026-05-26T18:27:01.885Z] [Dashboard] Discord bot is ready — full stats and guild tools are available
[2026-05-26T18:27:01.886Z] 
[32mConfig Check[0m
[2026-05-26T18:27:01.888Z] [90m------------[0m
[2026-05-26T18:27:01.890Z]  [32m✓[0m All configurations validated successfully
[2026-05-26T18:27:01.891Z] 
[2026-05-26T18:27:02.152Z] 
[32m✓[0m [37mSlash Commands Registered[0m [90mfor Char's Test Server[0m
[2026-05-26T18:29:06.705Z] [API] Server running on port 3000
[2026-05-26T18:29:07.459Z] [90m────────────────────────────────────────────────────────[0m
[2026-05-26T18:29:07.459Z] [1m[32mSupportBot[0m
[2026-05-26T18:29:07.460Z] [90mEmerald Services[0m
[2026-05-26T18:29:07.460Z] [90m────────────────────────────────────────────────────────[0m
[2026-05-26T18:29:07.461Z] 
[32mSystem[0m
[2026-05-26T18:29:07.461Z] [90m------[0m
[2026-05-26T18:29:07.462Z] [90mBot Name      [0m SupportBo
[2026-05-26T18:29:07.462Z] [90mVersion       [0m v26.3.0
[2026-05-26T18:29:07.462Z] [90mNode.js       [0m v24.14.1
[2026-05-26T18:29:07.462Z] [90mDiscord.js    [0m v14.26.4
[2026-05-26T18:29:07.463Z] [90mLogged in as  [0m BLITZ#7183
[2026-05-26T18:29:07.463Z] [90mGuilds        [0m 1
[2026-05-26T18:29:07.465Z] 
[32mLinks[0m
[2026-05-26T18:29:07.466Z] [90m-----[0m
[2026-05-26T18:29:07.466Z] [90mDocs          [0m https://emerald-services.gitbook.io/
[2026-05-26T18:29:07.467Z] [90mDiscord       [0m https://dsc.gg/emerald-dev
[2026-05-26T18:29:07.467Z] [90mInvite        [0m https://discord.com/api/oauth2/authorize?client_id=1289713673123922032&permissions=8&scope=bot%20applications.commands
[2026-05-26T18:29:07.468Z] 
[2026-05-26T18:29:07.469Z] [Dashboard] Discord bot is ready — full stats and guild tools are available
[2026-05-26T18:29:07.470Z] 
[32mConfig Check[0m
[2026-05-26T18:29:07.471Z] [90m------------[0m
[2026-05-26T18:29:07.473Z]  [32m✓[0m All configurations validated successfully
[2026-05-26T18:29:07.474Z] 
[2026-05-26T18:29:07.656Z] 
[32m✓[0m [37mSlash Commands Registered[0m [90mfor Char's Test Server[0m
[2026-05-26T18:30:31.130Z] [API] Server running on port 3000
[2026-05-26T18:31:30.298Z] [BotReload] Restarting Discord bot after config change…
[2026-05-26T18:31:31.048Z] [90m────────────────────────────────────────────────────────[0m
[2026-05-26T18:31:31.050Z] [1m[32mSupportBot[0m
[2026-05-26T18:31:31.054Z] [90mEmerald Services[0m
[2026-05-26T18:31:31.058Z] [90m────────────────────────────────────────────────────────[0m
[2026-05-26T18:31:31.061Z] 
[32mSystem[0m
[2026-05-26T18:31:31.066Z] [90m------[0m
[2026-05-26T18:31:31.069Z] [90mBot Name      [0m SupportBo
[2026-05-26T18:31:31.071Z] [90mVersion       [0m v26.3.0
[2026-05-26T18:31:31.075Z] [90mNode.js       [0m v24.14.1
[2026-05-26T18:31:31.078Z] [90mDiscord.js    [0m v14.26.4
[2026-05-26T18:31:31.082Z] [90mLogged in as  [0m BLITZ#7183
[2026-05-26T18:31:31.085Z] [90mGuilds        [0m 1
[2026-05-26T18:31:31.091Z] 
[32mLinks[0m
[2026-05-26T18:31:31.097Z] [90m-----[0m
[2026-05-26T18:31:31.101Z] [90mDocs          [0m https://emerald-services.gitbook.io/
[2026-05-26T18:31:31.106Z] [90mDiscord       [0m https://dsc.gg/emerald-dev
[2026-05-26T18:31:31.113Z] [90mInvite        [0m https://discord.com/api/oauth2/authorize?client_id=1289713673123922032&permissions=8&scope=bot%20applications.commands
[2026-05-26T18:31:31.118Z] 
[2026-05-26T18:31:31.123Z] 
[32mConfig Check[0m
[2026-05-26T18:31:31.127Z] [90m------------[0m
[2026-05-26T18:31:31.134Z]  [33m![0m Missing roles (1198295676128329799, 1198299671576195213, 1491881628065337404)
[2026-05-26T18:31:31.139Z]  [33m![0m Missing channels (1290752269880660079)
[2026-05-26T18:31:31.142Z] 
[2026-05-26T18:31:31.183Z] [Dashboard] Discord bot is ready — full stats and guild tools are available
[2026-05-26T18:31:31.412Z] 
[32m✓[0m [37mSlash Commands Registered[0m [90mfor Char's Test Server[0m
[2026-05-26T18:31:31.413Z] [BotReload] Bot restarted successfully
[2026-05-26T18:31:31.682Z] 
[32m✓[0m [37mSlash Commands Registered[0m [90mfor Char's Test Server[0m
[2026-05-26T18:31:46.891Z] [API] Server running on port 3000
[2026-05-26T18:31:47.594Z] [90m────────────────────────────────────────────────────────[0m
[2026-05-26T18:31:47.594Z] [1m[32mSupportBot[0m
[2026-05-26T18:31:47.595Z] [90mEmerald Services[0m
[2026-05-26T18:31:47.595Z] [90m────────────────────────────────────────────────────────[0m
[2026-05-26T18:31:47.596Z] 
[32mSystem[0m
[2026-05-26T18:31:47.597Z] [90m------[0m
[2026-05-26T18:31:47.597Z] [90mBot Name      [0m SupportBo
[2026-05-26T18:31:47.598Z] [90mVersion       [0m v26.3.0
[2026-05-26T18:31:47.598Z] [90mNode.js       [0m v24.14.1
[2026-05-26T18:31:47.599Z] [90mDiscord.js    [0m v14.26.4
[2026-05-26T18:31:47.600Z] [90mLogged in as  [0m BLITZ#7183
[2026-05-26T18:31:47.600Z] [90mGuilds        [0m 1
[2026-05-26T18:31:47.601Z] 
[32mLinks[0m
[2026-05-26T18:31:47.602Z] [90m-----[0m
[2026-05-26T18:31:47.602Z] [90mDocs          [0m https://emerald-services.gitbook.io/
[2026-05-26T18:31:47.603Z] [90mDiscord       [0m https://dsc.gg/emerald-dev
[2026-05-26T18:31:47.604Z] [90mInvite        [0m https://discord.com/api/oauth2/authorize?client_id=1289713673123922032&permissions=8&scope=bot%20applications.commands
[2026-05-26T18:31:47.604Z] 
[2026-05-26T18:31:47.605Z] [Dashboard] Discord bot is ready — full stats and guild tools are available
[2026-05-26T18:31:47.607Z] 
[32mConfig Check[0m
[2026-05-26T18:31:47.608Z] [90m------------[0m
[2026-05-26T18:31:47.610Z]  [32m✓[0m All configurations validated successfully
[2026-05-26T18:31:47.611Z] 
[2026-05-26T18:32:31.812Z] 
[32m✓[0m [37mSlash Commands Registered[0m [90mfor Char's Test Server[0m
[2026-05-26T18:34:34.091Z] [API] Server running on port 3000
[2026-05-26T18:35:12.583Z] [BotReload] Restarting Discord bot after config change…
[2026-05-26T18:35:13.391Z] [90m────────────────────────────────────────────────────────[0m
[2026-05-26T18:35:13.391Z] [1m[32mSupportBot[0m
[2026-05-26T18:35:13.392Z] [90mEmerald Services[0m
[2026-05-26T18:35:13.392Z] [90m────────────────────────────────────────────────────────[0m
[2026-05-26T18:35:13.393Z] 
[32mSystem[0m
[2026-05-26T18:35:13.393Z] [90m------[0m
[2026-05-26T18:35:13.394Z] [90mBot Name      [0m SupportBo
[2026-05-26T18:35:13.394Z] [90mVersion       [0m v26.3.0
[2026-05-26T18:35:13.395Z] [90mNode.js       [0m v24.14.1
[2026-05-26T18:35:13.395Z] [90mDiscord.js    [0m v14.26.4
[2026-05-26T18:35:13.395Z] [90mLogged in as  [0m BLITZ#7183
[2026-05-26T18:35:13.396Z] [90mGuilds        [0m 1
[2026-05-26T18:35:13.396Z] 
[32mLinks[0m
[2026-05-26T18:35:13.397Z] [90m-----[0m
[2026-05-26T18:35:13.398Z] [90mDocs          [0m https://emerald-services.gitbook.io/
[2026-05-26T18:35:13.399Z] [90mDiscord       [0m https://dsc.gg/emerald-dev
[2026-05-26T18:35:13.400Z] [90mInvite        [0m https://discord.com/api/oauth2/authorize?client_id=1289713673123922032&permissions=8&scope=bot%20applications.commands
[2026-05-26T18:35:13.400Z] 
[2026-05-26T18:35:13.401Z] 
[32mConfig Check[0m
[2026-05-26T18:35:13.402Z] [90m------------[0m
[2026-05-26T18:35:13.403Z]  [33m![0m Missing roles (1198295676128329799, 1198299671576195213, 1491881628065337404)
[2026-05-26T18:35:13.404Z]  [33m![0m Missing channels (1290752269880660079)
[2026-05-26T18:35:13.404Z] 
[2026-05-26T18:35:13.429Z] [Dashboard] Discord bot is ready — full stats and guild tools are available
[2026-05-26T18:35:13.621Z] 
[32m✓[0m [37mSlash Commands Registered[0m [90mfor Char's Test Server[0m
[2026-05-26T18:35:13.621Z] [BotReload] Bot restarted successfully
[2026-05-26T18:35:13.853Z] 
[32m✓[0m [37mSlash Commands Registered[0m [90mfor Char's Test Server[0m
[2026-05-26T18:35:27.209Z] [API] Server running on port 3000
[2026-05-26T18:35:27.933Z] [90m────────────────────────────────────────────────────────[0m
[2026-05-26T18:35:27.933Z] [1m[32mSupportBot[0m
[2026-05-26T18:35:27.933Z] [90mEmerald Services[0m
[2026-05-26T18:35:27.934Z] [90m────────────────────────────────────────────────────────[0m
[2026-05-26T18:35:27.934Z] 
[32mSystem[0m
[2026-05-26T18:35:27.935Z] [90m------[0m
[2026-05-26T18:35:27.935Z] [90mBot Name      [0m SupportBo
[2026-05-26T18:35:27.936Z] [90mVersion       [0m v26.3.0
[2026-05-26T18:35:27.936Z] [90mNode.js       [0m v24.14.1
[2026-05-26T18:35:27.937Z] [90mDiscord.js    [0m v14.26.4
[2026-05-26T18:35:27.937Z] [90mLogged in as  [0m BLITZ#7183
[2026-05-26T18:35:27.938Z] [90mGuilds        [0m 1
[2026-05-26T18:35:27.938Z] 
[32mLinks[0m
[2026-05-26T18:35:27.938Z] [90m-----[0m
[2026-05-26T18:35:27.939Z] [90mDocs          [0m https://emerald-services.gitbook.io/
[2026-05-26T18:35:27.940Z] [90mDiscord       [0m https://dsc.gg/emerald-dev
[2026-05-26T18:35:27.940Z] [90mInvite        [0m https://discord.com/api/oauth2/authorize?client_id=1289713673123922032&permissions=8&scope=bot%20applications.commands
[2026-05-26T18:35:27.941Z] 
[2026-05-26T18:35:27.941Z] [Dashboard] Discord bot is ready — full stats and guild tools are available
[2026-05-26T18:35:27.943Z] 
[32mConfig Check[0m
[2026-05-26T18:35:27.943Z] [90m------------[0m
[2026-05-26T18:35:27.945Z]  [32m✓[0m All configurations validated successfully
[2026-05-26T18:35:27.946Z] 
[2026-05-26T18:36:14.082Z] 
[32m✓[0m [37mSlash Commands Registered[0m [90mfor Char's Test Server[0m
[2026-05-26T19:00:20.564Z] [API] Server running on port 3000
[2026-05-26T19:01:08.704Z] [BotReload] Restarting Discord bot after config change…
[2026-05-26T19:01:09.362Z] [Dashboard] Discord bot is ready — full stats and guild tools are available
[2026-05-26T19:01:09.365Z] [90m────────────────────────────────────────────────────────[0m
[2026-05-26T19:01:09.366Z] [1m[32mSupportBot[0m
[2026-05-26T19:01:09.366Z] [90mEmerald Services[0m
[2026-05-26T19:01:09.366Z] [90m────────────────────────────────────────────────────────[0m
[2026-05-26T19:01:09.367Z] 
[32mSystem[0m
[2026-05-26T19:01:09.367Z] [90m------[0m
[2026-05-26T19:01:09.367Z] [90mBot Name      [0m SupportBo
[2026-05-26T19:01:09.368Z] [90mVersion       [0m v26.3.0
[2026-05-26T19:01:09.368Z] [90mNode.js       [0m v24.14.1
[2026-05-26T19:01:09.368Z] [90mDiscord.js    [0m v14.26.4
[2026-05-26T19:01:09.369Z] [90mLogged in as  [0m BLITZ#7183
[2026-05-26T19:01:09.369Z] [90mGuilds        [0m 1
[2026-05-26T19:01:09.370Z] 
[32mLinks[0m
[2026-05-26T19:01:09.371Z] [90m-----[0m
[2026-05-26T19:01:09.371Z] [90mDocs          [0m https://emerald-services.gitbook.io/
[2026-05-26T19:01:09.372Z] [90mDiscord       [0m https://dsc.gg/emerald-dev
[2026-05-26T19:01:09.373Z] [90mInvite        [0m https://discord.com/api/oauth2/authorize?client_id=1289713673123922032&permissions=8&scope=bot%20applications.commands
[2026-05-26T19:01:09.373Z] 
[2026-05-26T19:01:09.375Z] 
[32mGuild[0m
[2026-05-26T19:01:09.376Z] [90m-----[0m
[2026-05-26T19:01:09.377Z]  [33m![0m Guild setup (No guild ID is set. Add your Discord server ID under Bot config → General.)
[2026-05-26T19:01:09.377Z] 
[2026-05-26T19:01:09.378Z] 
[32mConfig Check[0m
[2026-05-26T19:01:09.378Z] [90m------------[0m
[2026-05-26T19:01:09.379Z]  [33m![0m Missing roles (ROLE_ID, ROLE_ID, ROLE_ID)
[2026-05-26T19:01:09.380Z]  [33m![0m Missing channels (CHANNEL_ID)
[2026-05-26T19:01:09.381Z] 
[2026-05-26T19:01:09.547Z] 
[32m✓[0m [37mSlash Commands Registered[0m [90mfor Char's Test Server[0m
[2026-05-26T19:01:09.923Z] 
[32m✓[0m [37mSlash Commands Registered[0m [90mfor Char's Test Server[0m
[2026-05-26T19:01:09.923Z] [BotReload] Bot restarted successfully
[2026-05-26T19:01:44.692Z] [API] Server running on port 3000
[2026-05-26T19:01:45.455Z] [90m────────────────────────────────────────────────────────[0m
[2026-05-26T19:01:45.455Z] [1m[32mSupportBot[0m
[2026-05-26T19:01:45.456Z] [90mEmerald Services[0m
[2026-05-26T19:01:45.456Z] [90m────────────────────────────────────────────────────────[0m
[2026-05-26T19:01:45.457Z] 
[32mSystem[0m
[2026-05-26T19:01:45.457Z] [90m------[0m
[2026-05-26T19:01:45.458Z] [90mBot Name      [0m SupportBo
[2026-05-26T19:01:45.458Z] [90mVersion       [0m v26.3.0
[2026-05-26T19:01:45.458Z] [90mNode.js       [0m v24.14.1
[2026-05-26T19:01:45.459Z] [90mDiscord.js    [0m v14.26.4
[2026-05-26T19:01:45.459Z] [90mLogged in as  [0m BLITZ#7183
[2026-05-26T19:01:45.460Z] [90mGuilds        [0m 1
[2026-05-26T19:01:45.462Z] 
[32mLinks[0m
[2026-05-26T19:01:45.462Z] [90m-----[0m
[2026-05-26T19:01:45.463Z] [90mDocs          [0m https://emerald-services.gitbook.io/
[2026-05-26T19:01:45.464Z] [90mDiscord       [0m https://dsc.gg/emerald-dev
[2026-05-26T19:01:45.466Z] [90mInvite        [0m https://discord.com/api/oauth2/authorize?client_id=1289713673123922032&permissions=8&scope=bot%20applications.commands
[2026-05-26T19:01:45.467Z] 
[2026-05-26T19:01:45.468Z] [Dashboard] Discord bot is ready — full stats and guild tools are available
[2026-05-26T19:01:45.469Z] 
[32mGuild[0m
[2026-05-26T19:01:45.470Z] [90m-----[0m
[2026-05-26T19:01:45.471Z]  [33m![0m Guild setup (No guild ID is set. Add your Discord server ID under Bot config → General.)
[2026-05-26T19:01:45.471Z] 
[2026-05-26T19:01:45.471Z] 
[32mConfig Check[0m
[2026-05-26T19:01:45.472Z] [90m------------[0m
[2026-05-26T19:01:45.473Z]  [33m![0m Missing roles (ROLE_ID, ROLE_ID, ROLE_ID)
[2026-05-26T19:01:45.474Z]  [33m![0m Missing channels (CHANNEL_ID)
[2026-05-26T19:01:45.474Z] 
[2026-05-26T19:01:45.807Z] 
[32m✓[0m [37mSlash Commands Registered[0m [90mfor Char's Test Server[0m
[2026-05-26T19:05:40.700Z] [API] Server running on port 3000
[2026-05-26T19:05:41.522Z] [90m────────────────────────────────────────────────────────[0m
[2026-05-26T19:05:41.522Z] [1m[32mSupportBot[0m
[2026-05-26T19:05:41.523Z] [90mEmerald Services[0m
[2026-05-26T19:05:41.523Z] [90m────────────────────────────────────────────────────────[0m
[2026-05-26T19:05:41.524Z] 
[32mSystem[0m
[2026-05-26T19:05:41.524Z] [90m------[0m
[2026-05-26T19:05:41.524Z] [90mBot Name      [0m SupportBo
[2026-05-26T19:05:41.525Z] [90mVersion       [0m v26.3.0
[2026-05-26T19:05:41.525Z] [90mNode.js       [0m v24.14.1
[2026-05-26T19:05:41.525Z] [90mDiscord.js    [0m v14.26.4
[2026-05-26T19:05:41.526Z] [90mLogged in as  [0m BLITZ#7183
[2026-05-26T19:05:41.526Z] [90mGuilds        [0m 1
[2026-05-26T19:05:41.527Z] 
[32mLinks[0m
[2026-05-26T19:05:41.527Z] [90m-----[0m
[2026-05-26T19:05:41.528Z] [90mDocs          [0m https://emerald-services.gitbook.io/
[2026-05-26T19:05:41.528Z] [90mDiscord       [0m https://dsc.gg/emerald-dev
[2026-05-26T19:05:41.529Z] [90mInvite        [0m https://discord.com/api/oauth2/authorize?client_id=1289713673123922032&permissions=8&scope=bot%20applications.commands
[2026-05-26T19:05:41.530Z] 
[2026-05-26T19:05:41.534Z] [Dashboard] Discord bot is ready — full stats and guild tools are available
[2026-05-26T19:05:41.537Z] 
[32mGuild[0m
[2026-05-26T19:05:41.537Z] [90m-----[0m
[2026-05-26T19:05:41.538Z]  [33m![0m Guild setup (No guild ID is set. Add your Discord server ID under Bot config → General.)
[2026-05-26T19:05:41.539Z] 
[2026-05-26T19:05:41.539Z] 
[32mConfig Check[0m
[2026-05-26T19:05:41.540Z] [90m------------[0m
[2026-05-26T19:05:41.542Z]  [33m![0m Missing roles (ROLE_ID, ROLE_ID, ROLE_ID)
[2026-05-26T19:05:41.543Z]  [33m![0m Missing channels (CHANNEL_ID)
[2026-05-26T19:05:41.543Z] 
[2026-05-26T19:05:41.761Z] 
[32m✓[0m [37mSlash Commands Registered[0m [90mfor Char's Test Server[0m
[2026-05-26T19:07:41.900Z] [API] Server running on port 3000
[2026-05-26T19:07:42.738Z] [90m────────────────────────────────────────────────────────[0m
[2026-05-26T19:07:42.739Z] [1m[32mSupportBot[0m
[2026-05-26T19:07:42.739Z] [90mEmerald Services[0m
[2026-05-26T19:07:42.739Z] [90m────────────────────────────────────────────────────────[0m
[2026-05-26T19:07:42.740Z] 
[32mSystem[0m
[2026-05-26T19:07:42.740Z] [90m------[0m
[2026-05-26T19:07:42.741Z] [90mBot Name      [0m SupportBo
[2026-05-26T19:07:42.741Z] [90mVersion       [0m v26.3.0
[2026-05-26T19:07:42.741Z] [90mNode.js       [0m v24.14.1
[2026-05-26T19:07:42.742Z] [90mDiscord.js    [0m v14.26.4
[2026-05-26T19:07:42.742Z] [90mLogged in as  [0m BLITZ#7183
[2026-05-26T19:07:42.743Z] [90mGuilds        [0m 1
[2026-05-26T19:07:42.743Z] 
[32mLinks[0m
[2026-05-26T19:07:42.744Z] [90m-----[0m
[2026-05-26T19:07:42.745Z] [90mDocs          [0m https://emerald-services.gitbook.io/
[2026-05-26T19:07:42.745Z] [90mDiscord       [0m https://dsc.gg/emerald-dev
[2026-05-26T19:07:42.746Z] [90mInvite        [0m https://discord.com/api/oauth2/authorize?client_id=1289713673123922032&permissions=8&scope=bot%20applications.commands
[2026-05-26T19:07:42.746Z] 
[2026-05-26T19:07:42.747Z] [Dashboard] Discord bot is ready — full stats and guild tools are available
[2026-05-26T19:07:42.748Z] 
[32mGuild[0m
[2026-05-26T19:07:42.751Z] [90m-----[0m
[2026-05-26T19:07:42.752Z]  [33m![0m Guild setup (No guild ID is set. Add your Discord server ID under Bot config → General.)
[2026-05-26T19:07:42.752Z] 
[2026-05-26T19:07:42.753Z] 
[32mConfig Check[0m
[2026-05-26T19:07:42.753Z] [90m------------[0m
[2026-05-26T19:07:42.756Z]  [33m![0m Missing roles (ROLE_ID, ROLE_ID, ROLE_ID)
[2026-05-26T19:07:42.756Z]  [33m![0m Missing channels (CHANNEL_ID)
[2026-05-26T19:07:42.757Z] 
[2026-05-26T19:07:42.952Z] 
[32m✓[0m [37mSlash Commands Registered[0m [90mfor Char's Test Server[0m
