[2026-05-19T22:25:25.691Z] [API] Server running on port 3000
[2026-05-19T22:25:26.507Z] [90m────────────────────────────────────────────────────────[0m
[2026-05-19T22:25:26.508Z] [1m[32mSupportBot[0m
[2026-05-19T22:25:26.508Z] [90mEmerald Services[0m
[2026-05-19T22:25:26.509Z] [90m────────────────────────────────────────────────────────[0m
[2026-05-19T22:25:26.509Z] 
[32mSystem[0m
[2026-05-19T22:25:26.519Z] [90m------[0m
[2026-05-19T22:25:26.520Z] [90mBot Name      [0m SupportBo
[2026-05-19T22:25:26.520Z] [90mVersion       [0m v26.3.0
[2026-05-19T22:25:26.520Z] [90mNode.js       [0m v24.14.1
[2026-05-19T22:25:26.521Z] [90mDiscord.js    [0m v14.26.4
[2026-05-19T22:25:26.521Z] [90mLogged in as  [0m BLITZ#7183
[2026-05-19T22:25:26.522Z] [90mGuilds        [0m 1
[2026-05-19T22:25:26.522Z] 
[32mLinks[0m
[2026-05-19T22:25:26.523Z] [90m-----[0m
[2026-05-19T22:25:26.523Z] [90mDocs          [0m https://emerald-services.gitbook.io/
[2026-05-19T22:25:26.524Z] [90mDiscord       [0m https://dsc.gg/emerald-dev
[2026-05-19T22:25:26.525Z] [90mInvite        [0m https://discord.com/api/oauth2/authorize?client_id=1289713673123922032&permissions=8&scope=bot%20applications.commands
[2026-05-19T22:25:26.525Z] 
[2026-05-19T22:25:26.526Z] [Dashboard] Discord bot is ready — full stats and guild tools are available
[2026-05-19T22:25:26.527Z] 
[32mConfig Check[0m
[2026-05-19T22:25:26.528Z] [90m------------[0m
[2026-05-19T22:25:26.530Z]  [32m✓[0m All configurations validated successfully
[2026-05-19T22:25:26.531Z] 
[2026-05-19T22:25:26.702Z] 
[32m✓[0m [37mSlash Commands Registered[0m [90mfor Char's Test Server[0m
